0
1
0
2
3
4
|/dir/a|/dir/b
Failed
Deleted
/dir/b
Deleted

Deleted
