Test:fileDelete starts. 
1
2
3
Deleted
4
Deleted
Test finished. 
